// Vitest Snapshot v1, https://vitest.dev/guide/snapshot.html

exports[`FlightCard > FlightCard component snapshot 1`] = `
<div>
  <div
    class="undefined _defaultCard_c57b5c _extraCardPadding_c57b5c false
			}"
  >
    <button
      class="flex items-center -mx-3 px-1 pt-2 text-left w-full"
      data-testid="toggle-button"
    >
      <svg
        aria-hidden="true"
        class="svg-inline--fa fa-angle-down fa-lg _icon_c57b5c w-4 pr-2 icon"
        data-icon="angle-down"
        data-prefix="fas"
        focusable="false"
        role="img"
        viewBox="0 0 448 512"
        xmlns="http://www.w3.org/2000/svg"
      >
        <path
          d="M201.4 342.6c12.5 12.5 32.8 12.5 45.3 0l160-160c12.5-12.5 12.5-32.8 0-45.3s-32.8-12.5-45.3 0L224 274.7 86.6 137.4c-12.5-12.5-32.8-12.5-45.3 0s-12.5 32.8 0 45.3l160 160z"
          fill="currentColor"
        />
      </svg>
      <div
        class="max-w-[98%]"
        style="opacity: 0; filter: blur(5px); transform: none;"
      >
        <h1
          class="text-2xl font-bold text-ellipsis whitespace-nowrap overflow-hidden"
        >
          Test
        </h1>
      </div>
    </button>
    <div
      class="box-border"
      data-testid="card-children"
      style="opacity: 0; max-height: 0px; overflow: hidden; filter: blur(10px);"
    />
  </div>
</div>
`;
