// Vitest Snapshot v1, https://vitest.dev/guide/snapshot.html

exports[`Admin Login Page > admin login page renders 1`] = `
<div>
  <div
    class="_login_7a83a9"
  >
    <div
      class="admin-login"
    >
      <h1>
        BayView 
      </h1>
      <h1>
        Admin Login
      </h1>
      <form>
        <div>
          <div
            class="w-full h-7"
          />
          <div
            class="_inputWrapper_f5db26"
          >
            <svg
              aria-hidden="true"
              class="svg-inline--fa fa-user _icon_f5db26"
              data-icon="user"
              data-prefix="fas"
              focusable="false"
              role="img"
              viewBox="0 0 448 512"
              xmlns="http://www.w3.org/2000/svg"
            >
              <path
                d="M224 256A128 128 0 1 0 224 0a128 128 0 1 0 0 256zm-45.7 48C79.8 304 0 383.8 0 482.3C0 498.7 13.3 512 29.7 512H418.3c16.4 0 29.7-13.3 29.7-29.7C448 383.8 368.2 304 269.7 304H178.3z"
                fill="currentColor"
              />
            </svg>
            <input
              class="_input_f5db26 "
              icon="[object Object]"
              placeholder="Username"
              required=""
              type="text"
            />
          </div>
        </div>
        <div>
          <div
            class="w-full h-7"
          />
          <div
            class="_inputWrapper_f5db26"
          >
            <svg
              aria-hidden="true"
              class="svg-inline--fa fa-key _icon_f5db26"
              data-icon="key"
              data-prefix="fas"
              focusable="false"
              role="img"
              viewBox="0 0 512 512"
              xmlns="http://www.w3.org/2000/svg"
            >
              <path
                d="M336 352c97.2 0 176-78.8 176-176S433.2 0 336 0S160 78.8 160 176c0 18.7 2.9 36.8 8.3 53.7L7 391c-4.5 4.5-7 10.6-7 17v80c0 13.3 10.7 24 24 24h80c13.3 0 24-10.7 24-24V448h40c13.3 0 24-10.7 24-24V384h40c6.4 0 12.5-2.5 17-7l33.3-33.3c16.9 5.4 35 8.3 53.7 8.3zM376 96a40 40 0 1 1 0 80 40 40 0 1 1 0-80z"
                fill="currentColor"
              />
            </svg>
            <input
              class="_input_f5db26 "
              icon="[object Object]"
              placeholder="Password"
              required=""
              type="password"
            />
          </div>
        </div>
        <button
          type="submit"
        >
          Login
        </button>
      </form>
    </div>
  </div>
</div>
`;
